Category: 📺央视频道, Name: CCTV-1, Total: 196, Valid: 59, Valid Percent: 30.10%, Whitelist: 0, IPv4: 16, IPv6: 180, Min Delay: 0.1 ms, Max Speed: 17.15 M/s, Avg Speed: 1.66 M/s, Max Resolution: 1920x1080
Category: 📺央视频道, Name: CCTV-2, Total: 219, Valid: 76, Valid Percent: 34.70%, Whitelist: 0, IPv4: 8, IPv6: 211, Min Delay: 0.1 ms, Max Speed: 13.37 M/s, Avg Speed: 1.15 M/s, Max Resolution: 1920x1080
Category: 📺央视频道, Name: CCTV-3, Total: 195, Valid: 66, Valid Percent: 33.85%, Whitelist: 0, IPv4: 12, IPv6: 183, Min Delay: 0.1 ms, Max Speed: 99.07 M/s, Avg Speed: 3.73 M/s, Max Resolution: 1920x1080
Category: 📺央视频道, Name: CCTV-4, Total: 399, Valid: 80, Valid Percent: 20.05%, Whitelist: 0, IPv4: 21, IPv6: 378, Min Delay: 0.1 ms, Max Speed: 35.24 M/s, Avg Speed: 3.35 M/s, Max Resolution: 1920x1080
Category: 📺央视频道, Name: CCTV-5, Total: 307, Valid: 56, Valid Percent: 18.24%, Whitelist: 0, IPv4: 19, IPv6: 288, Min Delay: 0.1 ms, Max Speed: 16.11 M/s, Avg Speed: 3.67 M/s, Max Resolution: 1920x1080
Category: 📺央视频道, Name: CCTV-5+, Total: 75, Valid: 41, Valid Percent: 54.67%, Whitelist: 0, IPv4: 0, IPv6: 75, Min Delay: 0.1 ms, Max Speed: 0.00 M/s, Avg Speed: 0.00 M/s, Max Resolution: 1920x1080
Category: 📺央视频道, Name: CCTV-6, Total: 185, Valid: 47, Valid Percent: 25.41%, Whitelist: 0, IPv4: 12, IPv6: 173, Min Delay: 0.1 ms, Max Speed: 26.21 M/s, Avg Speed: 3.53 M/s, Max Resolution: 1920x1080
Category: 📺央视频道, Name: CCTV-7, Total: 194, Valid: 70, Valid Percent: 36.08%, Whitelist: 0, IPv4: 10, IPv6: 184, Min Delay: 0.1 ms, Max Speed: 42.27 M/s, Avg Speed: 2.61 M/s, Max Resolution: 1920x1080
Category: 📺央视频道, Name: CCTV-8, Total: 194, Valid: 64, Valid Percent: 32.99%, Whitelist: 0, IPv4: 17, IPv6: 177, Min Delay: 0.1 ms, Max Speed: 55.15 M/s, Avg Speed: 4.73 M/s, Max Resolution: 1920x1080
Category: 📺央视频道, Name: CCTV-9, Total: 193, Valid: 63, Valid Percent: 32.64%, Whitelist: 0, IPv4: 4, IPv6: 189, Min Delay: 0.1 ms, Max Speed: 107.11 M/s, Avg Speed: 3.54 M/s, Max Resolution: 1920x1080
Category: 📺央视频道, Name: CCTV-10, Total: 194, Valid: 64, Valid Percent: 32.99%, Whitelist: 0, IPv4: 7, IPv6: 187, Min Delay: 0.1 ms, Max Speed: 56.98 M/s, Avg Speed: 2.73 M/s, Max Resolution: 1920x1080
Category: 📺央视频道, Name: CCTV-11, Total: 210, Valid: 71, Valid Percent: 33.81%, Whitelist: 0, IPv4: 5, IPv6: 205, Min Delay: 0.1 ms, Max Speed: 16.13 M/s, Avg Speed: 0.90 M/s, Max Resolution: 1920x1080
Category: 📺央视频道, Name: CCTV-12, Total: 201, Valid: 69, Valid Percent: 34.33%, Whitelist: 0, IPv4: 5, IPv6: 196, Min Delay: 0.1 ms, Max Speed: 48.16 M/s, Avg Speed: 1.59 M/s, Max Resolution: 1920x1080
Category: 📺央视频道, Name: CCTV-13, Total: 249, Valid: 59, Valid Percent: 23.69%, Whitelist: 0, IPv4: 18, IPv6: 231, Min Delay: 0.1 ms, Max Speed: 60.36 M/s, Avg Speed: 5.79 M/s, Max Resolution: 1920x1080
Category: 📺央视频道, Name: CCTV-14, Total: 183, Valid: 50, Valid Percent: 27.32%, Whitelist: 0, IPv4: 12, IPv6: 171, Min Delay: 0.1 ms, Max Speed: 35.53 M/s, Avg Speed: 4.60 M/s, Max Resolution: 1920x1080
Category: 📺央视频道, Name: CCTV-15, Total: 194, Valid: 69, Valid Percent: 35.57%, Whitelist: 0, IPv4: 6, IPv6: 188, Min Delay: 0.1 ms, Max Speed: 24.04 M/s, Avg Speed: 1.48 M/s, Max Resolution: 1920x1080
Category: 📺央视频道, Name: CCTV-16, Total: 52, Valid: 28, Valid Percent: 53.85%, Whitelist: 0, IPv4: 5, IPv6: 47, Min Delay: 0.1 ms, Max Speed: 27.89 M/s, Avg Speed: 3.70 M/s, Max Resolution: 1920x1080
Category: 📺央视频道, Name: CCTV-17, Total: 193, Valid: 52, Valid Percent: 26.94%, Whitelist: 0, IPv4: 8, IPv6: 185, Min Delay: 0.1 ms, Max Speed: 81.18 M/s, Avg Speed: 3.98 M/s, Max Resolution: 1920x1080
Category: 📺央视频道, Name: CETV-1, Total: 177, Valid: 0, Valid Percent: 0.00%, Whitelist: 0, IPv4: 0, IPv6: 177, Min Delay: -1 ms, Max Speed: 0.00 M/s, Avg Speed: 0.00 M/s, Max Resolution: None
Category: 📺央视频道, Name: CETV-2, Total: 150, Valid: 0, Valid Percent: 0.00%, Whitelist: 0, IPv4: 0, IPv6: 150, Min Delay: -1 ms, Max Speed: 0.00 M/s, Avg Speed: 0.00 M/s, Max Resolution: None
Category: 📺央视频道, Name: CETV-3, Total: 6, Valid: 0, Valid Percent: 0.00%, Whitelist: 0, IPv4: 0, IPv6: 6, Min Delay: -1 ms, Max Speed: 0.00 M/s, Avg Speed: 0.00 M/s, Max Resolution: None
Category: 📺央视频道, Name: CETV-4, Total: 158, Valid: 0, Valid Percent: 0.00%, Whitelist: 0, IPv4: 0, IPv6: 158, Min Delay: -1 ms, Max Speed: 0.00 M/s, Avg Speed: 0.00 M/s, Max Resolution: None
Category: 💰央视付费频道, Name: 文化精品, Total: 4, Valid: 1, Valid Percent: 25.00%, Whitelist: 0, IPv4: 1, IPv6: 3, Min Delay: 599 ms, Max Speed: 3.55 M/s, Avg Speed: 3.55 M/s, Max Resolution: 1920x1080
Category: 💰央视付费频道, Name: 央视台球, Total: 5, Valid: 1, Valid Percent: 20.00%, Whitelist: 0, IPv4: 0, IPv6: 5, Min Delay: 0.1 ms, Max Speed: 0.00 M/s, Avg Speed: 0.00 M/s, Max Resolution: 1920x1080
Category: 💰央视付费频道, Name: 风云音乐, Total: 6, Valid: 2, Valid Percent: 33.33%, Whitelist: 0, IPv4: 2, IPv6: 4, Min Delay: 350 ms, Max Speed: 1.50 M/s, Avg Speed: 1.46 M/s, Max Resolution: 1920x1080
Category: 💰央视付费频道, Name: 第一剧场, Total: 9, Valid: 1, Valid Percent: 11.11%, Whitelist: 0, IPv4: 1, IPv6: 8, Min Delay: 202 ms, Max Speed: 0.73 M/s, Avg Speed: 0.73 M/s, Max Resolution: 1920x1080
Category: 💰央视付费频道, Name: 风云剧场, Total: 6, Valid: 1, Valid Percent: 16.67%, Whitelist: 0, IPv4: 1, IPv6: 5, Min Delay: 661 ms, Max Speed: 6.35 M/s, Avg Speed: 6.35 M/s, Max Resolution: 1920x1080
Category: 💰央视付费频道, Name: 怀旧剧场, Total: 6, Valid: 0, Valid Percent: 0.00%, Whitelist: 0, IPv4: 0, IPv6: 6, Min Delay: -1 ms, Max Speed: 0.00 M/s, Avg Speed: 0.00 M/s, Max Resolution: None
Category: 💰央视付费频道, Name: 女性时尚, Total: 3, Valid: 0, Valid Percent: 0.00%, Whitelist: 0, IPv4: 0, IPv6: 3, Min Delay: -1 ms, Max Speed: 0.00 M/s, Avg Speed: 0.00 M/s, Max Resolution: None
Category: 💰央视付费频道, Name: 高尔夫网球, Total: 3, Valid: 0, Valid Percent: 0.00%, Whitelist: 0, IPv4: 0, IPv6: 3, Min Delay: -1 ms, Max Speed: 0.00 M/s, Avg Speed: 0.00 M/s, Max Resolution: None
Category: 💰央视付费频道, Name: 风云足球, Total: 7, Valid: 4, Valid Percent: 57.14%, Whitelist: 0, IPv4: 0, IPv6: 7, Min Delay: 0.1 ms, Max Speed: 0.00 M/s, Avg Speed: 0.00 M/s, Max Resolution: 1920x1080
Category: 💰央视付费频道, Name: 电视指南, Total: 2, Valid: 0, Valid Percent: 0.00%, Whitelist: 0, IPv4: 0, IPv6: 2, Min Delay: -1 ms, Max Speed: 0.00 M/s, Avg Speed: 0.00 M/s, Max Resolution: None
Category: 💰央视付费频道, Name: 世界地理, Total: 4, Valid: 2, Valid Percent: 50.00%, Whitelist: 0, IPv4: 1, IPv6: 3, Min Delay: 0.1 ms, Max Speed: 1.47 M/s, Avg Speed: 0.74 M/s, Max Resolution: 1920x1080
Category: 💰央视付费频道, Name: 兵器科技, Total: 2, Valid: 0, Valid Percent: 0.00%, Whitelist: 0, IPv4: 0, IPv6: 2, Min Delay: -1 ms, Max Speed: 0.00 M/s, Avg Speed: 0.00 M/s, Max Resolution: None
Category: 📡卫视频道, Name: 广东卫视, Total: 189, Valid: 59, Valid Percent: 31.22%, Whitelist: 0, IPv4: 1, IPv6: 188, Min Delay: 0.1 ms, Max Speed: 46.87 M/s, Avg Speed: 0.79 M/s, Max Resolution: 1920x1080
Category: 📡卫视频道, Name: 香港卫视, Total: 13, Valid: 5, Valid Percent: 38.46%, Whitelist: 0, IPv4: 0, IPv6: 13, Min Delay: 0.1 ms, Max Speed: 0.00 M/s, Avg Speed: 0.00 M/s, Max Resolution: 1920x1080
Category: 📡卫视频道, Name: 浙江卫视, Total: 276, Valid: 69, Valid Percent: 25.00%, Whitelist: 0, IPv4: 1, IPv6: 275, Min Delay: 0.1 ms, Max Speed: 58.71 M/s, Avg Speed: 0.85 M/s, Max Resolution: 1920x1080
Category: 📡卫视频道, Name: 湖南卫视, Total: 215, Valid: 65, Valid Percent: 30.23%, Whitelist: 0, IPv4: 9, IPv6: 206, Min Delay: 0.1 ms, Max Speed: 68.46 M/s, Avg Speed: 3.93 M/s, Max Resolution: 1920x1080
Category: 📡卫视频道, Name: 北京卫视, Total: 196, Valid: 54, Valid Percent: 27.55%, Whitelist: 0, IPv4: 2, IPv6: 194, Min Delay: 0.1 ms, Max Speed: 15.83 M/s, Avg Speed: 0.40 M/s, Max Resolution: 1920x1080
Category: 📡卫视频道, Name: 湖北卫视, Total: 206, Valid: 71, Valid Percent: 34.47%, Whitelist: 0, IPv4: 1, IPv6: 205, Min Delay: 0.1 ms, Max Speed: 10.03 M/s, Avg Speed: 0.14 M/s, Max Resolution: 1920x1080
Category: 📡卫视频道, Name: 黑龙江卫视, Total: 90, Valid: 63, Valid Percent: 70.00%, Whitelist: 0, IPv4: 5, IPv6: 85, Min Delay: 0.1 ms, Max Speed: 98.26 M/s, Avg Speed: 6.44 M/s, Max Resolution: 1920x1080
Category: 📡卫视频道, Name: 安徽卫视, Total: 84, Valid: 62, Valid Percent: 73.81%, Whitelist: 0, IPv4: 4, IPv6: 80, Min Delay: 0.1 ms, Max Speed: 116.71 M/s, Avg Speed: 3.87 M/s, Max Resolution: 1920x1080
Category: 📡卫视频道, Name: 重庆卫视, Total: 90, Valid: 56, Valid Percent: 62.22%, Whitelist: 0, IPv4: 1, IPv6: 89, Min Delay: 0.1 ms, Max Speed: 27.56 M/s, Avg Speed: 0.49 M/s, Max Resolution: 1920x1080
Category: 📡卫视频道, Name: 东方卫视, Total: 201, Valid: 60, Valid Percent: 29.85%, Whitelist: 0, IPv4: 1, IPv6: 200, Min Delay: 0.1 ms, Max Speed: 10.44 M/s, Avg Speed: 0.17 M/s, Max Resolution: 1920x1080
Category: 📡卫视频道, Name: 东南卫视, Total: 77, Valid: 44, Valid Percent: 57.14%, Whitelist: 0, IPv4: 3, IPv6: 74, Min Delay: 0.1 ms, Max Speed: 56.36 M/s, Avg Speed: 3.00 M/s, Max Resolution: 1920x1080
Category: 📡卫视频道, Name: 甘肃卫视, Total: 49, Valid: 28, Valid Percent: 57.14%, Whitelist: 0, IPv4: 4, IPv6: 45, Min Delay: 0.1 ms, Max Speed: 55.52 M/s, Avg Speed: 5.06 M/s, Max Resolution: 1920x1080
Category: 📡卫视频道, Name: 广西卫视, Total: 57, Valid: 37, Valid Percent: 64.91%, Whitelist: 0, IPv4: 3, IPv6: 54, Min Delay: 0.1 ms, Max Speed: 63.82 M/s, Avg Speed: 3.12 M/s, Max Resolution: 1920x1080
Category: 📡卫视频道, Name: 贵州卫视, Total: 60, Valid: 37, Valid Percent: 61.67%, Whitelist: 0, IPv4: 3, IPv6: 57, Min Delay: 0.1 ms, Max Speed: 85.59 M/s, Avg Speed: 3.55 M/s, Max Resolution: 1920x1080
Category: 📡卫视频道, Name: 海南卫视, Total: 263, Valid: 39, Valid Percent: 14.83%, Whitelist: 0, IPv4: 2, IPv6: 261, Min Delay: 0.1 ms, Max Speed: 111.32 M/s, Avg Speed: 4.55 M/s, Max Resolution: 1920x1080
Category: 📡卫视频道, Name: 河北卫视, Total: 75, Valid: 42, Valid Percent: 56.00%, Whitelist: 0, IPv4: 1, IPv6: 74, Min Delay: 0.1 ms, Max Speed: 45.08 M/s, Avg Speed: 1.07 M/s, Max Resolution: 1920x1080
Category: 📡卫视频道, Name: 河南卫视, Total: 195, Valid: 54, Valid Percent: 27.69%, Whitelist: 0, IPv4: 5, IPv6: 190, Min Delay: 0.1 ms, Max Speed: 120.26 M/s, Avg Speed: 6.38 M/s, Max Resolution: 1920x1080
Category: 📡卫视频道, Name: 吉林卫视, Total: 190, Valid: 57, Valid Percent: 30.00%, Whitelist: 0, IPv4: 3, IPv6: 187, Min Delay: 0.1 ms, Max Speed: 55.41 M/s, Avg Speed: 2.59 M/s, Max Resolution: 1920x1080
Category: 📡卫视频道, Name: 江苏卫视, Total: 200, Valid: 63, Valid Percent: 31.50%, Whitelist: 0, IPv4: 0, IPv6: 200, Min Delay: 0.1 ms, Max Speed: 0.00 M/s, Avg Speed: 0.00 M/s, Max Resolution: 1920x1080
Category: 📡卫视频道, Name: 江西卫视, Total: 201, Valid: 67, Valid Percent: 33.33%, Whitelist: 0, IPv4: 3, IPv6: 198, Min Delay: 0.1 ms, Max Speed: 104.64 M/s, Avg Speed: 3.16 M/s, Max Resolution: 1920x1080
Category: 📡卫视频道, Name: 辽宁卫视, Total: 182, Valid: 39, Valid Percent: 21.43%, Whitelist: 0, IPv4: 0, IPv6: 182, Min Delay: 0.1 ms, Max Speed: 0.00 M/s, Avg Speed: 0.00 M/s, Max Resolution: 1920x1080
Category: 📡卫视频道, Name: 内蒙古卫视, Total: 136, Valid: 23, Valid Percent: 16.91%, Whitelist: 0, IPv4: 2, IPv6: 134, Min Delay: 0.1 ms, Max Speed: 7.93 M/s, Avg Speed: 0.50 M/s, Max Resolution: 1920x1080
Category: 📡卫视频道, Name: 宁夏卫视, Total: 92, Valid: 22, Valid Percent: 23.91%, Whitelist: 0, IPv4: 2, IPv6: 90, Min Delay: 0.1 ms, Max Speed: 3.47 M/s, Avg Speed: 0.17 M/s, Max Resolution: 1920x1080
Category: 📡卫视频道, Name: 青海卫视, Total: 186, Valid: 28, Valid Percent: 15.05%, Whitelist: 0, IPv4: 2, IPv6: 184, Min Delay: 0.1 ms, Max Speed: 43.77 M/s, Avg Speed: 1.80 M/s, Max Resolution: 1920x1080
Category: 📡卫视频道, Name: 山东卫视, Total: 70, Valid: 43, Valid Percent: 61.43%, Whitelist: 0, IPv4: 2, IPv6: 68, Min Delay: 0.1 ms, Max Speed: 87.90 M/s, Avg Speed: 3.88 M/s, Max Resolution: 1920x1080
Category: 📡卫视频道, Name: 山西卫视, Total: 33, Valid: 15, Valid Percent: 45.45%, Whitelist: 0, IPv4: 3, IPv6: 30, Min Delay: 0.1 ms, Max Speed: 77.32 M/s, Avg Speed: 15.08 M/s, Max Resolution: 1920x1080
Category: 📡卫视频道, Name: 陕西卫视, Total: 154, Valid: 23, Valid Percent: 14.94%, Whitelist: 0, IPv4: 1, IPv6: 153, Min Delay: 0.1 ms, Max Speed: 69.19 M/s, Avg Speed: 3.01 M/s, Max Resolution: 1920x1080
Category: 📡卫视频道, Name: 四川卫视, Total: 66, Valid: 37, Valid Percent: 56.06%, Whitelist: 0, IPv4: 7, IPv6: 59, Min Delay: 0.1 ms, Max Speed: 98.96 M/s, Avg Speed: 6.87 M/s, Max Resolution: 1920x1080
Category: 📡卫视频道, Name: 深圳卫视, Total: 61, Valid: 34, Valid Percent: 55.74%, Whitelist: 0, IPv4: 1, IPv6: 60, Min Delay: 0.1 ms, Max Speed: 6.76 M/s, Avg Speed: 0.20 M/s, Max Resolution: 1920x1080
Category: 📡卫视频道, Name: 三沙卫视, Total: 127, Valid: 11, Valid Percent: 8.66%, Whitelist: 0, IPv4: 0, IPv6: 127, Min Delay: 0.1 ms, Max Speed: 0.00 M/s, Avg Speed: 0.00 M/s, Max Resolution: 1920x1080
Category: 📡卫视频道, Name: 天津卫视, Total: 69, Valid: 46, Valid Percent: 66.67%, Whitelist: 0, IPv4: 6, IPv6: 63, Min Delay: 0.1 ms, Max Speed: 113.71 M/s, Avg Speed: 10.11 M/s, Max Resolution: 1920x1080
Category: 📡卫视频道, Name: 西藏卫视, Total: 41, Valid: 25, Valid Percent: 60.98%, Whitelist: 0, IPv4: 4, IPv6: 37, Min Delay: 0.1 ms, Max Speed: 103.33 M/s, Avg Speed: 15.02 M/s, Max Resolution: 1920x1080
Category: 📡卫视频道, Name: 新疆卫视, Total: 42, Valid: 24, Valid Percent: 57.14%, Whitelist: 0, IPv4: 3, IPv6: 39, Min Delay: 0.1 ms, Max Speed: 104.17 M/s, Avg Speed: 8.53 M/s, Max Resolution: 1920x1080
Category: 📡卫视频道, Name: 云南卫视, Total: 49, Valid: 28, Valid Percent: 57.14%, Whitelist: 0, IPv4: 4, IPv6: 45, Min Delay: 0.1 ms, Max Speed: 100.17 M/s, Avg Speed: 6.24 M/s, Max Resolution: 1920x1080
Category: 🎵音乐频道, Name: CCTV-15, Total: 188, Valid: 63, Valid Percent: 33.51%, Whitelist: 0, IPv4: 0, IPv6: 188, Min Delay: 0.1 ms, Max Speed: 0.00 M/s, Avg Speed: 0.00 M/s, Max Resolution: 1920x1080
Category: 🎵音乐频道, Name: 风云音乐, Total: 4, Valid: 0, Valid Percent: 0.00%, Whitelist: 0, IPv4: 0, IPv6: 4, Min Delay: -1 ms, Max Speed: 0.00 M/s, Avg Speed: 0.00 M/s, Max Resolution: None
Category: 🎵音乐频道, Name: 音乐现场, Total: 2, Valid: 2, Valid Percent: 100.00%, Whitelist: 0, IPv4: 2, IPv6: 0, Min Delay: 11 ms, Max Speed: 11.31 M/s, Avg Speed: 9.02 M/s, Max Resolution: None
Category: 🎵音乐频道, Name: 音乐之声, Total: 1, Valid: 1, Valid Percent: 100.00%, Whitelist: 0, IPv4: 1, IPv6: 0, Min Delay: 1121 ms, Max Speed: 0.14 M/s, Avg Speed: 0.14 M/s, Max Resolution: None
Category: 🎵音乐频道, Name: 潮流音乐, Total: 1, Valid: 1, Valid Percent: 100.00%, Whitelist: 0, IPv4: 1, IPv6: 0, Min Delay: 10 ms, Max Speed: 20.72 M/s, Avg Speed: 20.72 M/s, Max Resolution: None
Category: 🎵音乐频道, Name: 音乐广播, Total: 64, Valid: 0, Valid Percent: 0.00%, Whitelist: 0, IPv4: 0, IPv6: 64, Min Delay: -1 ms, Max Speed: 0.00 M/s, Avg Speed: 0.00 M/s, Max Resolution: None
